<mxfile host="app.diagrams.net" modified="{{ .Modified }}" agent="5.0 (X11)" etag="{{ .Etag }}" version="17.4.2" type="device">
    <diagram id="{{ .ID }}" name="Test">
        <mxGraphModel dx="0" dy="0" grid="1" gridSize="10" guides="1" tooltips="1" connect="1" arrows="1" fold="1" page="1" pageScale="1" pageWidth="827" pageHeight="1169" math="0" shadow="0">
            <root>
                <mxCell id="0"></mxCell>
                <mxCell id="1" parent="0"></mxCell>
            </root>
        </mxGraphModel>
    </diagram>
</mxfile>